// Jest Snapshot v1, https://goo.gl/fbAQLP

exports[`RepositoryList doesn't breack when params are missing 1`] = `
<ul
  className="list-group list-group-flush"
>
  empty
</ul>
`;

exports[`RepositoryList renders correctly 1`] = `
<ul
  className="list-group list-group-flush"
>
  <RepositoryCard
    archive_url="https://api.github.com/repos/google/eng-practices/{archive_format}{/ref}"
    archived={false}
    assignees_url="https://api.github.com/repos/google/eng-practices/assignees{/user}"
    blobs_url="https://api.github.com/repos/google/eng-practices/git/blobs{/sha}"
    branches_url="https://api.github.com/repos/google/eng-practices/branches{/branch}"
    clone_url="https://github.com/google/eng-practices.git"
    collaborators_url="https://api.github.com/repos/google/eng-practices/collaborators{/collaborator}"
    comments_url="https://api.github.com/repos/google/eng-practices/comments{/number}"
    commits_url="https://api.github.com/repos/google/eng-practices/commits{/sha}"
    compare_url="https://api.github.com/repos/google/eng-practices/compare/{base}...{head}"
    contents_url="https://api.github.com/repos/google/eng-practices/contents/{+path}"
    contributors_url="https://api.github.com/repos/google/eng-practices/contributors"
    created_at="2019-09-04T20:47:01Z"
    default_branch="master"
    deployments_url="https://api.github.com/repos/google/eng-practices/deployments"
    description="Google's Engineering Practices documentation"
    disabled={false}
    downloads_url="https://api.github.com/repos/google/eng-practices/downloads"
    events_url="https://api.github.com/repos/google/eng-practices/events"
    fork={false}
    forks={509}
    forks_count={509}
    forks_url="https://api.github.com/repos/google/eng-practices/forks"
    full_name="google/eng-practices"
    git_commits_url="https://api.github.com/repos/google/eng-practices/git/commits{/sha}"
    git_refs_url="https://api.github.com/repos/google/eng-practices/git/refs{/sha}"
    git_tags_url="https://api.github.com/repos/google/eng-practices/git/tags{/sha}"
    git_url="git://github.com/google/eng-practices.git"
    has_downloads={true}
    has_issues={false}
    has_pages={true}
    has_projects={false}
    has_wiki={true}
    homepage="https://google.github.io/eng-practices/"
    hooks_url="https://api.github.com/repos/google/eng-practices/hooks"
    html_url="https://github.com/google/eng-practices"
    id={206410838}
    issue_comment_url="https://api.github.com/repos/google/eng-practices/issues/comments{/number}"
    issue_events_url="https://api.github.com/repos/google/eng-practices/issues/events{/number}"
    issues_url="https://api.github.com/repos/google/eng-practices/issues{/number}"
    key="206410838"
    keys_url="https://api.github.com/repos/google/eng-practices/keys{/key_id}"
    labels_url="https://api.github.com/repos/google/eng-practices/labels{/name}"
    language={null}
    languages_url="https://api.github.com/repos/google/eng-practices/languages"
    license={
      Object {
        "key": "other",
        "name": "Other",
        "node_id": "MDc6TGljZW5zZTA=",
        "spdx_id": "NOASSERTION",
        "url": null,
      }
    }
    merges_url="https://api.github.com/repos/google/eng-practices/merges"
    milestones_url="https://api.github.com/repos/google/eng-practices/milestones{/number}"
    mirror_url={null}
    name="eng-practices"
    node_id="MDEwOlJlcG9zaXRvcnkyMDY0MTA4Mzg="
    notifications_url="https://api.github.com/repos/google/eng-practices/notifications{?since,all,participating}"
    open_issues={4}
    open_issues_count={4}
    owner={
      Object {
        "avatar_url": "https://avatars1.githubusercontent.com/u/1342004?v=4",
        "events_url": "https://api.github.com/users/google/events{/privacy}",
        "followers_url": "https://api.github.com/users/google/followers",
        "following_url": "https://api.github.com/users/google/following{/other_user}",
        "gists_url": "https://api.github.com/users/google/gists{/gist_id}",
        "gravatar_id": "",
        "html_url": "https://github.com/google",
        "id": 1342004,
        "login": "google",
        "node_id": "MDEyOk9yZ2FuaXphdGlvbjEzNDIwMDQ=",
        "organizations_url": "https://api.github.com/users/google/orgs",
        "received_events_url": "https://api.github.com/users/google/received_events",
        "repos_url": "https://api.github.com/users/google/repos",
        "site_admin": false,
        "starred_url": "https://api.github.com/users/google/starred{/owner}{/repo}",
        "subscriptions_url": "https://api.github.com/users/google/subscriptions",
        "type": "Organization",
        "url": "https://api.github.com/users/google",
      }
    }
    private={false}
    pulls_url="https://api.github.com/repos/google/eng-practices/pulls{/number}"
    pushed_at="2019-09-11T11:22:44Z"
    releases_url="https://api.github.com/repos/google/eng-practices/releases{/id}"
    score={1}
    size={45}
    ssh_url="git@github.com:google/eng-practices.git"
    stargazers_count={6297}
    stargazers_url="https://api.github.com/repos/google/eng-practices/stargazers"
    statuses_url="https://api.github.com/repos/google/eng-practices/statuses/{sha}"
    subscribers_url="https://api.github.com/repos/google/eng-practices/subscribers"
    subscription_url="https://api.github.com/repos/google/eng-practices/subscription"
    svn_url="https://github.com/google/eng-practices"
    tags_url="https://api.github.com/repos/google/eng-practices/tags"
    teams_url="https://api.github.com/repos/google/eng-practices/teams"
    trees_url="https://api.github.com/repos/google/eng-practices/git/trees{/sha}"
    updated_at="2019-09-11T20:31:15Z"
    url="https://api.github.com/repos/google/eng-practices"
    watchers={6297}
    watchers_count={6297}
  />
  <RepositoryCard
    archive_url="https://api.github.com/repos/viraptor/reverse-interview/{archive_format}{/ref}"
    archived={false}
    assignees_url="https://api.github.com/repos/viraptor/reverse-interview/assignees{/user}"
    blobs_url="https://api.github.com/repos/viraptor/reverse-interview/git/blobs{/sha}"
    branches_url="https://api.github.com/repos/viraptor/reverse-interview/branches{/branch}"
    clone_url="https://github.com/viraptor/reverse-interview.git"
    collaborators_url="https://api.github.com/repos/viraptor/reverse-interview/collaborators{/collaborator}"
    comments_url="https://api.github.com/repos/viraptor/reverse-interview/comments{/number}"
    commits_url="https://api.github.com/repos/viraptor/reverse-interview/commits{/sha}"
    compare_url="https://api.github.com/repos/viraptor/reverse-interview/compare/{base}...{head}"
    contents_url="https://api.github.com/repos/viraptor/reverse-interview/contents/{+path}"
    contributors_url="https://api.github.com/repos/viraptor/reverse-interview/contributors"
    created_at="2019-09-08T13:38:40Z"
    default_branch="master"
    deployments_url="https://api.github.com/repos/viraptor/reverse-interview/deployments"
    description="Questions to ask the company during your interview"
    disabled={false}
    downloads_url="https://api.github.com/repos/viraptor/reverse-interview/downloads"
    events_url="https://api.github.com/repos/viraptor/reverse-interview/events"
    fork={false}
    forks={282}
    forks_count={282}
    forks_url="https://api.github.com/repos/viraptor/reverse-interview/forks"
    full_name="viraptor/reverse-interview"
    git_commits_url="https://api.github.com/repos/viraptor/reverse-interview/git/commits{/sha}"
    git_refs_url="https://api.github.com/repos/viraptor/reverse-interview/git/refs{/sha}"
    git_tags_url="https://api.github.com/repos/viraptor/reverse-interview/git/tags{/sha}"
    git_url="git://github.com/viraptor/reverse-interview.git"
    has_downloads={true}
    has_issues={true}
    has_pages={false}
    has_projects={true}
    has_wiki={true}
    homepage={null}
    hooks_url="https://api.github.com/repos/viraptor/reverse-interview/hooks"
    html_url="https://github.com/viraptor/reverse-interview"
    id={207117992}
    issue_comment_url="https://api.github.com/repos/viraptor/reverse-interview/issues/comments{/number}"
    issue_events_url="https://api.github.com/repos/viraptor/reverse-interview/issues/events{/number}"
    issues_url="https://api.github.com/repos/viraptor/reverse-interview/issues{/number}"
    key="207117992"
    keys_url="https://api.github.com/repos/viraptor/reverse-interview/keys{/key_id}"
    labels_url="https://api.github.com/repos/viraptor/reverse-interview/labels{/name}"
    language={null}
    languages_url="https://api.github.com/repos/viraptor/reverse-interview/languages"
    license={
      Object {
        "key": "mit",
        "name": "MIT License",
        "node_id": "MDc6TGljZW5zZTEz",
        "spdx_id": "MIT",
        "url": "https://api.github.com/licenses/mit",
      }
    }
    merges_url="https://api.github.com/repos/viraptor/reverse-interview/merges"
    milestones_url="https://api.github.com/repos/viraptor/reverse-interview/milestones{/number}"
    mirror_url={null}
    name="reverse-interview"
    node_id="MDEwOlJlcG9zaXRvcnkyMDcxMTc5OTI="
    notifications_url="https://api.github.com/repos/viraptor/reverse-interview/notifications{?since,all,participating}"
    open_issues={18}
    open_issues_count={18}
    owner={
      Object {
        "avatar_url": "https://avatars1.githubusercontent.com/u/188063?v=4",
        "events_url": "https://api.github.com/users/viraptor/events{/privacy}",
        "followers_url": "https://api.github.com/users/viraptor/followers",
        "following_url": "https://api.github.com/users/viraptor/following{/other_user}",
        "gists_url": "https://api.github.com/users/viraptor/gists{/gist_id}",
        "gravatar_id": "",
        "html_url": "https://github.com/viraptor",
        "id": 188063,
        "login": "viraptor",
        "node_id": "MDQ6VXNlcjE4ODA2Mw==",
        "organizations_url": "https://api.github.com/users/viraptor/orgs",
        "received_events_url": "https://api.github.com/users/viraptor/received_events",
        "repos_url": "https://api.github.com/users/viraptor/repos",
        "site_admin": false,
        "starred_url": "https://api.github.com/users/viraptor/starred{/owner}{/repo}",
        "subscriptions_url": "https://api.github.com/users/viraptor/subscriptions",
        "type": "User",
        "url": "https://api.github.com/users/viraptor",
      }
    }
    private={false}
    pulls_url="https://api.github.com/repos/viraptor/reverse-interview/pulls{/number}"
    pushed_at="2019-09-11T18:24:40Z"
    releases_url="https://api.github.com/repos/viraptor/reverse-interview/releases{/id}"
    score={1}
    size={24}
    ssh_url="git@github.com:viraptor/reverse-interview.git"
    stargazers_count={5483}
    stargazers_url="https://api.github.com/repos/viraptor/reverse-interview/stargazers"
    statuses_url="https://api.github.com/repos/viraptor/reverse-interview/statuses/{sha}"
    subscribers_url="https://api.github.com/repos/viraptor/reverse-interview/subscribers"
    subscription_url="https://api.github.com/repos/viraptor/reverse-interview/subscription"
    svn_url="https://github.com/viraptor/reverse-interview"
    tags_url="https://api.github.com/repos/viraptor/reverse-interview/tags"
    teams_url="https://api.github.com/repos/viraptor/reverse-interview/teams"
    trees_url="https://api.github.com/repos/viraptor/reverse-interview/git/trees{/sha}"
    updated_at="2019-09-11T20:33:21Z"
    url="https://api.github.com/repos/viraptor/reverse-interview"
    watchers={5483}
    watchers_count={5483}
  />
  <RepositoryCard
    archive_url="https://api.github.com/repos/ruanyf/free-books/{archive_format}{/ref}"
    archived={false}
    assignees_url="https://api.github.com/repos/ruanyf/free-books/assignees{/user}"
    blobs_url="https://api.github.com/repos/ruanyf/free-books/git/blobs{/sha}"
    branches_url="https://api.github.com/repos/ruanyf/free-books/branches{/branch}"
    clone_url="https://github.com/ruanyf/free-books.git"
    collaborators_url="https://api.github.com/repos/ruanyf/free-books/collaborators{/collaborator}"
    comments_url="https://api.github.com/repos/ruanyf/free-books/comments{/number}"
    commits_url="https://api.github.com/repos/ruanyf/free-books/commits{/sha}"
    compare_url="https://api.github.com/repos/ruanyf/free-books/compare/{base}...{head}"
    contents_url="https://api.github.com/repos/ruanyf/free-books/contents/{+path}"
    contributors_url="https://api.github.com/repos/ruanyf/free-books/contributors"
    created_at="2019-08-19T08:24:38Z"
    default_branch="master"
    deployments_url="https://api.github.com/repos/ruanyf/free-books/deployments"
    description="互联网上的免费书籍"
    disabled={false}
    downloads_url="https://api.github.com/repos/ruanyf/free-books/downloads"
    events_url="https://api.github.com/repos/ruanyf/free-books/events"
    fork={false}
    forks={745}
    forks_count={745}
    forks_url="https://api.github.com/repos/ruanyf/free-books/forks"
    full_name="ruanyf/free-books"
    git_commits_url="https://api.github.com/repos/ruanyf/free-books/git/commits{/sha}"
    git_refs_url="https://api.github.com/repos/ruanyf/free-books/git/refs{/sha}"
    git_tags_url="https://api.github.com/repos/ruanyf/free-books/git/tags{/sha}"
    git_url="git://github.com/ruanyf/free-books.git"
    has_downloads={true}
    has_issues={true}
    has_pages={false}
    has_projects={true}
    has_wiki={true}
    homepage={null}
    hooks_url="https://api.github.com/repos/ruanyf/free-books/hooks"
    html_url="https://github.com/ruanyf/free-books"
    id={203130239}
    issue_comment_url="https://api.github.com/repos/ruanyf/free-books/issues/comments{/number}"
    issue_events_url="https://api.github.com/repos/ruanyf/free-books/issues/events{/number}"
    issues_url="https://api.github.com/repos/ruanyf/free-books/issues{/number}"
    key="203130239"
    keys_url="https://api.github.com/repos/ruanyf/free-books/keys{/key_id}"
    labels_url="https://api.github.com/repos/ruanyf/free-books/labels{/name}"
    language={null}
    languages_url="https://api.github.com/repos/ruanyf/free-books/languages"
    license={null}
    merges_url="https://api.github.com/repos/ruanyf/free-books/merges"
    milestones_url="https://api.github.com/repos/ruanyf/free-books/milestones{/number}"
    mirror_url={null}
    name="free-books"
    node_id="MDEwOlJlcG9zaXRvcnkyMDMxMzAyMzk="
    notifications_url="https://api.github.com/repos/ruanyf/free-books/notifications{?since,all,participating}"
    open_issues={1}
    open_issues_count={1}
    owner={
      Object {
        "avatar_url": "https://avatars0.githubusercontent.com/u/905434?v=4",
        "events_url": "https://api.github.com/users/ruanyf/events{/privacy}",
        "followers_url": "https://api.github.com/users/ruanyf/followers",
        "following_url": "https://api.github.com/users/ruanyf/following{/other_user}",
        "gists_url": "https://api.github.com/users/ruanyf/gists{/gist_id}",
        "gravatar_id": "",
        "html_url": "https://github.com/ruanyf",
        "id": 905434,
        "login": "ruanyf",
        "node_id": "MDQ6VXNlcjkwNTQzNA==",
        "organizations_url": "https://api.github.com/users/ruanyf/orgs",
        "received_events_url": "https://api.github.com/users/ruanyf/received_events",
        "repos_url": "https://api.github.com/users/ruanyf/repos",
        "site_admin": false,
        "starred_url": "https://api.github.com/users/ruanyf/starred{/owner}{/repo}",
        "subscriptions_url": "https://api.github.com/users/ruanyf/subscriptions",
        "type": "User",
        "url": "https://api.github.com/users/ruanyf",
      }
    }
    private={false}
    pulls_url="https://api.github.com/repos/ruanyf/free-books/pulls{/number}"
    pushed_at="2019-09-10T04:56:10Z"
    releases_url="https://api.github.com/repos/ruanyf/free-books/releases{/id}"
    score={1}
    size={5805}
    ssh_url="git@github.com:ruanyf/free-books.git"
    stargazers_count={5478}
    stargazers_url="https://api.github.com/repos/ruanyf/free-books/stargazers"
    statuses_url="https://api.github.com/repos/ruanyf/free-books/statuses/{sha}"
    subscribers_url="https://api.github.com/repos/ruanyf/free-books/subscribers"
    subscription_url="https://api.github.com/repos/ruanyf/free-books/subscription"
    svn_url="https://github.com/ruanyf/free-books"
    tags_url="https://api.github.com/repos/ruanyf/free-books/tags"
    teams_url="https://api.github.com/repos/ruanyf/free-books/teams"
    trees_url="https://api.github.com/repos/ruanyf/free-books/git/trees{/sha}"
    updated_at="2019-09-11T15:31:22Z"
    url="https://api.github.com/repos/ruanyf/free-books"
    watchers={5478}
    watchers_count={5478}
  />
  <RepositoryCard
    archive_url="https://api.github.com/repos/bloc97/Anime4K/{archive_format}{/ref}"
    archived={false}
    assignees_url="https://api.github.com/repos/bloc97/Anime4K/assignees{/user}"
    blobs_url="https://api.github.com/repos/bloc97/Anime4K/git/blobs{/sha}"
    branches_url="https://api.github.com/repos/bloc97/Anime4K/branches{/branch}"
    clone_url="https://github.com/bloc97/Anime4K.git"
    collaborators_url="https://api.github.com/repos/bloc97/Anime4K/collaborators{/collaborator}"
    comments_url="https://api.github.com/repos/bloc97/Anime4K/comments{/number}"
    commits_url="https://api.github.com/repos/bloc97/Anime4K/commits{/sha}"
    compare_url="https://api.github.com/repos/bloc97/Anime4K/compare/{base}...{head}"
    contents_url="https://api.github.com/repos/bloc97/Anime4K/contents/{+path}"
    contributors_url="https://api.github.com/repos/bloc97/Anime4K/contributors"
    created_at="2019-08-13T22:51:31Z"
    default_branch="master"
    deployments_url="https://api.github.com/repos/bloc97/Anime4K/deployments"
    description="A High-Quality Real Time Upscaler for Anime Video"
    disabled={false}
    downloads_url="https://api.github.com/repos/bloc97/Anime4K/downloads"
    events_url="https://api.github.com/repos/bloc97/Anime4K/events"
    fork={false}
    forks={163}
    forks_count={163}
    forks_url="https://api.github.com/repos/bloc97/Anime4K/forks"
    full_name="bloc97/Anime4K"
    git_commits_url="https://api.github.com/repos/bloc97/Anime4K/git/commits{/sha}"
    git_refs_url="https://api.github.com/repos/bloc97/Anime4K/git/refs{/sha}"
    git_tags_url="https://api.github.com/repos/bloc97/Anime4K/git/tags{/sha}"
    git_url="git://github.com/bloc97/Anime4K.git"
    has_downloads={true}
    has_issues={true}
    has_pages={false}
    has_projects={true}
    has_wiki={true}
    homepage=""
    hooks_url="https://api.github.com/repos/bloc97/Anime4K/hooks"
    html_url="https://github.com/bloc97/Anime4K"
    id={202234517}
    issue_comment_url="https://api.github.com/repos/bloc97/Anime4K/issues/comments{/number}"
    issue_events_url="https://api.github.com/repos/bloc97/Anime4K/issues/events{/number}"
    issues_url="https://api.github.com/repos/bloc97/Anime4K/issues{/number}"
    key="202234517"
    keys_url="https://api.github.com/repos/bloc97/Anime4K/keys{/key_id}"
    labels_url="https://api.github.com/repos/bloc97/Anime4K/labels{/name}"
    language="Java"
    languages_url="https://api.github.com/repos/bloc97/Anime4K/languages"
    license={
      Object {
        "key": "mit",
        "name": "MIT License",
        "node_id": "MDc6TGljZW5zZTEz",
        "spdx_id": "MIT",
        "url": "https://api.github.com/licenses/mit",
      }
    }
    merges_url="https://api.github.com/repos/bloc97/Anime4K/merges"
    milestones_url="https://api.github.com/repos/bloc97/Anime4K/milestones{/number}"
    mirror_url={null}
    name="Anime4K"
    node_id="MDEwOlJlcG9zaXRvcnkyMDIyMzQ1MTc="
    notifications_url="https://api.github.com/repos/bloc97/Anime4K/notifications{?since,all,participating}"
    open_issues={11}
    open_issues_count={11}
    owner={
      Object {
        "avatar_url": "https://avatars0.githubusercontent.com/u/567732?v=4",
        "events_url": "https://api.github.com/users/bloc97/events{/privacy}",
        "followers_url": "https://api.github.com/users/bloc97/followers",
        "following_url": "https://api.github.com/users/bloc97/following{/other_user}",
        "gists_url": "https://api.github.com/users/bloc97/gists{/gist_id}",
        "gravatar_id": "",
        "html_url": "https://github.com/bloc97",
        "id": 567732,
        "login": "bloc97",
        "node_id": "MDQ6VXNlcjU2NzczMg==",
        "organizations_url": "https://api.github.com/users/bloc97/orgs",
        "received_events_url": "https://api.github.com/users/bloc97/received_events",
        "repos_url": "https://api.github.com/users/bloc97/repos",
        "site_admin": false,
        "starred_url": "https://api.github.com/users/bloc97/starred{/owner}{/repo}",
        "subscriptions_url": "https://api.github.com/users/bloc97/subscriptions",
        "type": "User",
        "url": "https://api.github.com/users/bloc97",
      }
    }
    private={false}
    pulls_url="https://api.github.com/repos/bloc97/Anime4K/pulls{/number}"
    pushed_at="2019-09-08T17:14:25Z"
    releases_url="https://api.github.com/repos/bloc97/Anime4K/releases{/id}"
    score={1}
    size={526531}
    ssh_url="git@github.com:bloc97/Anime4K.git"
    stargazers_count={3370}
    stargazers_url="https://api.github.com/repos/bloc97/Anime4K/stargazers"
    statuses_url="https://api.github.com/repos/bloc97/Anime4K/statuses/{sha}"
    subscribers_url="https://api.github.com/repos/bloc97/Anime4K/subscribers"
    subscription_url="https://api.github.com/repos/bloc97/Anime4K/subscription"
    svn_url="https://github.com/bloc97/Anime4K"
    tags_url="https://api.github.com/repos/bloc97/Anime4K/tags"
    teams_url="https://api.github.com/repos/bloc97/Anime4K/teams"
    trees_url="https://api.github.com/repos/bloc97/Anime4K/git/trees{/sha}"
    updated_at="2019-09-11T17:31:50Z"
    url="https://api.github.com/repos/bloc97/Anime4K"
    watchers={3370}
    watchers_count={3370}
  />
  <RepositoryCard
    archive_url="https://api.github.com/repos/liyasthomas/postwoman/{archive_format}{/ref}"
    archived={false}
    assignees_url="https://api.github.com/repos/liyasthomas/postwoman/assignees{/user}"
    blobs_url="https://api.github.com/repos/liyasthomas/postwoman/git/blobs{/sha}"
    branches_url="https://api.github.com/repos/liyasthomas/postwoman/branches{/branch}"
    clone_url="https://github.com/liyasthomas/postwoman.git"
    collaborators_url="https://api.github.com/repos/liyasthomas/postwoman/collaborators{/collaborator}"
    comments_url="https://api.github.com/repos/liyasthomas/postwoman/comments{/number}"
    commits_url="https://api.github.com/repos/liyasthomas/postwoman/commits{/sha}"
    compare_url="https://api.github.com/repos/liyasthomas/postwoman/compare/{base}...{head}"
    contents_url="https://api.github.com/repos/liyasthomas/postwoman/contents/{+path}"
    contributors_url="https://api.github.com/repos/liyasthomas/postwoman/contributors"
    created_at="2019-08-21T13:15:24Z"
    default_branch="master"
    deployments_url="https://api.github.com/repos/liyasthomas/postwoman/deployments"
    description="👽 API request builder - Helps you create your requests faster, saving you precious time on your development https://postwoman.io"
    disabled={false}
    downloads_url="https://api.github.com/repos/liyasthomas/postwoman/downloads"
    events_url="https://api.github.com/repos/liyasthomas/postwoman/events"
    fork={false}
    forks={186}
    forks_count={186}
    forks_url="https://api.github.com/repos/liyasthomas/postwoman/forks"
    full_name="liyasthomas/postwoman"
    git_commits_url="https://api.github.com/repos/liyasthomas/postwoman/git/commits{/sha}"
    git_refs_url="https://api.github.com/repos/liyasthomas/postwoman/git/refs{/sha}"
    git_tags_url="https://api.github.com/repos/liyasthomas/postwoman/git/tags{/sha}"
    git_url="git://github.com/liyasthomas/postwoman.git"
    has_downloads={true}
    has_issues={true}
    has_pages={true}
    has_projects={true}
    has_wiki={true}
    homepage="https://liyasthomas.github.io/postwoman"
    hooks_url="https://api.github.com/repos/liyasthomas/postwoman/hooks"
    html_url="https://github.com/liyasthomas/postwoman"
    id={203587744}
    issue_comment_url="https://api.github.com/repos/liyasthomas/postwoman/issues/comments{/number}"
    issue_events_url="https://api.github.com/repos/liyasthomas/postwoman/issues/events{/number}"
    issues_url="https://api.github.com/repos/liyasthomas/postwoman/issues{/number}"
    key="203587744"
    keys_url="https://api.github.com/repos/liyasthomas/postwoman/keys{/key_id}"
    labels_url="https://api.github.com/repos/liyasthomas/postwoman/labels{/name}"
    language="Vue"
    languages_url="https://api.github.com/repos/liyasthomas/postwoman/languages"
    license={
      Object {
        "key": "mit",
        "name": "MIT License",
        "node_id": "MDc6TGljZW5zZTEz",
        "spdx_id": "MIT",
        "url": "https://api.github.com/licenses/mit",
      }
    }
    merges_url="https://api.github.com/repos/liyasthomas/postwoman/merges"
    milestones_url="https://api.github.com/repos/liyasthomas/postwoman/milestones{/number}"
    mirror_url={null}
    name="postwoman"
    node_id="MDEwOlJlcG9zaXRvcnkyMDM1ODc3NDQ="
    notifications_url="https://api.github.com/repos/liyasthomas/postwoman/notifications{?since,all,participating}"
    open_issues={20}
    open_issues_count={20}
    owner={
      Object {
        "avatar_url": "https://avatars1.githubusercontent.com/u/10395817?v=4",
        "events_url": "https://api.github.com/users/liyasthomas/events{/privacy}",
        "followers_url": "https://api.github.com/users/liyasthomas/followers",
        "following_url": "https://api.github.com/users/liyasthomas/following{/other_user}",
        "gists_url": "https://api.github.com/users/liyasthomas/gists{/gist_id}",
        "gravatar_id": "",
        "html_url": "https://github.com/liyasthomas",
        "id": 10395817,
        "login": "liyasthomas",
        "node_id": "MDQ6VXNlcjEwMzk1ODE3",
        "organizations_url": "https://api.github.com/users/liyasthomas/orgs",
        "received_events_url": "https://api.github.com/users/liyasthomas/received_events",
        "repos_url": "https://api.github.com/users/liyasthomas/repos",
        "site_admin": false,
        "starred_url": "https://api.github.com/users/liyasthomas/starred{/owner}{/repo}",
        "subscriptions_url": "https://api.github.com/users/liyasthomas/subscriptions",
        "type": "User",
        "url": "https://api.github.com/users/liyasthomas",
      }
    }
    private={false}
    pulls_url="https://api.github.com/repos/liyasthomas/postwoman/pulls{/number}"
    pushed_at="2019-09-11T11:06:41Z"
    releases_url="https://api.github.com/repos/liyasthomas/postwoman/releases{/id}"
    score={1}
    size={1939}
    ssh_url="git@github.com:liyasthomas/postwoman.git"
    stargazers_count={3223}
    stargazers_url="https://api.github.com/repos/liyasthomas/postwoman/stargazers"
    statuses_url="https://api.github.com/repos/liyasthomas/postwoman/statuses/{sha}"
    subscribers_url="https://api.github.com/repos/liyasthomas/postwoman/subscribers"
    subscription_url="https://api.github.com/repos/liyasthomas/postwoman/subscription"
    svn_url="https://github.com/liyasthomas/postwoman"
    tags_url="https://api.github.com/repos/liyasthomas/postwoman/tags"
    teams_url="https://api.github.com/repos/liyasthomas/postwoman/teams"
    trees_url="https://api.github.com/repos/liyasthomas/postwoman/git/trees{/sha}"
    updated_at="2019-09-11T19:06:27Z"
    url="https://api.github.com/repos/liyasthomas/postwoman"
    watchers={3223}
    watchers_count={3223}
  />
  <RepositoryCard
    archive_url="https://api.github.com/repos/nuno-faria/tiler/{archive_format}{/ref}"
    archived={false}
    assignees_url="https://api.github.com/repos/nuno-faria/tiler/assignees{/user}"
    blobs_url="https://api.github.com/repos/nuno-faria/tiler/git/blobs{/sha}"
    branches_url="https://api.github.com/repos/nuno-faria/tiler/branches{/branch}"
    clone_url="https://github.com/nuno-faria/tiler.git"
    collaborators_url="https://api.github.com/repos/nuno-faria/tiler/collaborators{/collaborator}"
    comments_url="https://api.github.com/repos/nuno-faria/tiler/comments{/number}"
    commits_url="https://api.github.com/repos/nuno-faria/tiler/commits{/sha}"
    compare_url="https://api.github.com/repos/nuno-faria/tiler/compare/{base}...{head}"
    contents_url="https://api.github.com/repos/nuno-faria/tiler/contents/{+path}"
    contributors_url="https://api.github.com/repos/nuno-faria/tiler/contributors"
    created_at="2019-09-07T15:52:25Z"
    default_branch="master"
    deployments_url="https://api.github.com/repos/nuno-faria/tiler/deployments"
    description="👷 Build images with images"
    disabled={false}
    downloads_url="https://api.github.com/repos/nuno-faria/tiler/downloads"
    events_url="https://api.github.com/repos/nuno-faria/tiler/events"
    fork={false}
    forks={87}
    forks_count={87}
    forks_url="https://api.github.com/repos/nuno-faria/tiler/forks"
    full_name="nuno-faria/tiler"
    git_commits_url="https://api.github.com/repos/nuno-faria/tiler/git/commits{/sha}"
    git_refs_url="https://api.github.com/repos/nuno-faria/tiler/git/refs{/sha}"
    git_tags_url="https://api.github.com/repos/nuno-faria/tiler/git/tags{/sha}"
    git_url="git://github.com/nuno-faria/tiler.git"
    has_downloads={true}
    has_issues={true}
    has_pages={false}
    has_projects={true}
    has_wiki={true}
    homepage={null}
    hooks_url="https://api.github.com/repos/nuno-faria/tiler/hooks"
    html_url="https://github.com/nuno-faria/tiler"
    id={206990697}
    issue_comment_url="https://api.github.com/repos/nuno-faria/tiler/issues/comments{/number}"
    issue_events_url="https://api.github.com/repos/nuno-faria/tiler/issues/events{/number}"
    issues_url="https://api.github.com/repos/nuno-faria/tiler/issues{/number}"
    key="206990697"
    keys_url="https://api.github.com/repos/nuno-faria/tiler/keys{/key_id}"
    labels_url="https://api.github.com/repos/nuno-faria/tiler/labels{/name}"
    language="Python"
    languages_url="https://api.github.com/repos/nuno-faria/tiler/languages"
    license={
      Object {
        "key": "mit",
        "name": "MIT License",
        "node_id": "MDc6TGljZW5zZTEz",
        "spdx_id": "MIT",
        "url": "https://api.github.com/licenses/mit",
      }
    }
    merges_url="https://api.github.com/repos/nuno-faria/tiler/merges"
    milestones_url="https://api.github.com/repos/nuno-faria/tiler/milestones{/number}"
    mirror_url={null}
    name="tiler"
    node_id="MDEwOlJlcG9zaXRvcnkyMDY5OTA2OTc="
    notifications_url="https://api.github.com/repos/nuno-faria/tiler/notifications{?since,all,participating}"
    open_issues={9}
    open_issues_count={9}
    owner={
      Object {
        "avatar_url": "https://avatars2.githubusercontent.com/u/26089290?v=4",
        "events_url": "https://api.github.com/users/nuno-faria/events{/privacy}",
        "followers_url": "https://api.github.com/users/nuno-faria/followers",
        "following_url": "https://api.github.com/users/nuno-faria/following{/other_user}",
        "gists_url": "https://api.github.com/users/nuno-faria/gists{/gist_id}",
        "gravatar_id": "",
        "html_url": "https://github.com/nuno-faria",
        "id": 26089290,
        "login": "nuno-faria",
        "node_id": "MDQ6VXNlcjI2MDg5Mjkw",
        "organizations_url": "https://api.github.com/users/nuno-faria/orgs",
        "received_events_url": "https://api.github.com/users/nuno-faria/received_events",
        "repos_url": "https://api.github.com/users/nuno-faria/repos",
        "site_admin": false,
        "starred_url": "https://api.github.com/users/nuno-faria/starred{/owner}{/repo}",
        "subscriptions_url": "https://api.github.com/users/nuno-faria/subscriptions",
        "type": "User",
        "url": "https://api.github.com/users/nuno-faria",
      }
    }
    private={false}
    pulls_url="https://api.github.com/repos/nuno-faria/tiler/pulls{/number}"
    pushed_at="2019-09-11T18:39:44Z"
    releases_url="https://api.github.com/repos/nuno-faria/tiler/releases{/id}"
    score={1}
    size={13664}
    ssh_url="git@github.com:nuno-faria/tiler.git"
    stargazers_count={2148}
    stargazers_url="https://api.github.com/repos/nuno-faria/tiler/stargazers"
    statuses_url="https://api.github.com/repos/nuno-faria/tiler/statuses/{sha}"
    subscribers_url="https://api.github.com/repos/nuno-faria/tiler/subscribers"
    subscription_url="https://api.github.com/repos/nuno-faria/tiler/subscription"
    svn_url="https://github.com/nuno-faria/tiler"
    tags_url="https://api.github.com/repos/nuno-faria/tiler/tags"
    teams_url="https://api.github.com/repos/nuno-faria/tiler/teams"
    trees_url="https://api.github.com/repos/nuno-faria/tiler/git/trees{/sha}"
    updated_at="2019-09-11T20:31:55Z"
    url="https://api.github.com/repos/nuno-faria/tiler"
    watchers={2148}
    watchers_count={2148}
  />
  <RepositoryCard
    archive_url="https://api.github.com/repos/0wczar/airframe-react/{archive_format}{/ref}"
    archived={false}
    assignees_url="https://api.github.com/repos/0wczar/airframe-react/assignees{/user}"
    blobs_url="https://api.github.com/repos/0wczar/airframe-react/git/blobs{/sha}"
    branches_url="https://api.github.com/repos/0wczar/airframe-react/branches{/branch}"
    clone_url="https://github.com/0wczar/airframe-react.git"
    collaborators_url="https://api.github.com/repos/0wczar/airframe-react/collaborators{/collaborator}"
    comments_url="https://api.github.com/repos/0wczar/airframe-react/comments{/number}"
    commits_url="https://api.github.com/repos/0wczar/airframe-react/commits{/sha}"
    compare_url="https://api.github.com/repos/0wczar/airframe-react/compare/{base}...{head}"
    contents_url="https://api.github.com/repos/0wczar/airframe-react/contents/{+path}"
    contributors_url="https://api.github.com/repos/0wczar/airframe-react/contributors"
    created_at="2019-08-14T21:34:00Z"
    default_branch="master"
    deployments_url="https://api.github.com/repos/0wczar/airframe-react/deployments"
    description="Free Open Source High Quality Dashboard based on Bootstrap 4 & React 16: http://dashboards.webkom.co/react/airframe"
    disabled={false}
    downloads_url="https://api.github.com/repos/0wczar/airframe-react/downloads"
    events_url="https://api.github.com/repos/0wczar/airframe-react/events"
    fork={false}
    forks={107}
    forks_count={107}
    forks_url="https://api.github.com/repos/0wczar/airframe-react/forks"
    full_name="0wczar/airframe-react"
    git_commits_url="https://api.github.com/repos/0wczar/airframe-react/git/commits{/sha}"
    git_refs_url="https://api.github.com/repos/0wczar/airframe-react/git/refs{/sha}"
    git_tags_url="https://api.github.com/repos/0wczar/airframe-react/git/tags{/sha}"
    git_url="git://github.com/0wczar/airframe-react.git"
    has_downloads={true}
    has_issues={true}
    has_pages={false}
    has_projects={true}
    has_wiki={true}
    homepage={null}
    hooks_url="https://api.github.com/repos/0wczar/airframe-react/hooks"
    html_url="https://github.com/0wczar/airframe-react"
    id={202429201}
    issue_comment_url="https://api.github.com/repos/0wczar/airframe-react/issues/comments{/number}"
    issue_events_url="https://api.github.com/repos/0wczar/airframe-react/issues/events{/number}"
    issues_url="https://api.github.com/repos/0wczar/airframe-react/issues{/number}"
    key="202429201"
    keys_url="https://api.github.com/repos/0wczar/airframe-react/keys{/key_id}"
    labels_url="https://api.github.com/repos/0wczar/airframe-react/labels{/name}"
    language="JavaScript"
    languages_url="https://api.github.com/repos/0wczar/airframe-react/languages"
    license={
      Object {
        "key": "mit",
        "name": "MIT License",
        "node_id": "MDc6TGljZW5zZTEz",
        "spdx_id": "MIT",
        "url": "https://api.github.com/licenses/mit",
      }
    }
    merges_url="https://api.github.com/repos/0wczar/airframe-react/merges"
    milestones_url="https://api.github.com/repos/0wczar/airframe-react/milestones{/number}"
    mirror_url={null}
    name="airframe-react"
    node_id="MDEwOlJlcG9zaXRvcnkyMDI0MjkyMDE="
    notifications_url="https://api.github.com/repos/0wczar/airframe-react/notifications{?since,all,participating}"
    open_issues={3}
    open_issues_count={3}
    owner={
      Object {
        "avatar_url": "https://avatars1.githubusercontent.com/u/2330394?v=4",
        "events_url": "https://api.github.com/users/0wczar/events{/privacy}",
        "followers_url": "https://api.github.com/users/0wczar/followers",
        "following_url": "https://api.github.com/users/0wczar/following{/other_user}",
        "gists_url": "https://api.github.com/users/0wczar/gists{/gist_id}",
        "gravatar_id": "",
        "html_url": "https://github.com/0wczar",
        "id": 2330394,
        "login": "0wczar",
        "node_id": "MDQ6VXNlcjIzMzAzOTQ=",
        "organizations_url": "https://api.github.com/users/0wczar/orgs",
        "received_events_url": "https://api.github.com/users/0wczar/received_events",
        "repos_url": "https://api.github.com/users/0wczar/repos",
        "site_admin": false,
        "starred_url": "https://api.github.com/users/0wczar/starred{/owner}{/repo}",
        "subscriptions_url": "https://api.github.com/users/0wczar/subscriptions",
        "type": "User",
        "url": "https://api.github.com/users/0wczar",
      }
    }
    private={false}
    pulls_url="https://api.github.com/repos/0wczar/airframe-react/pulls{/number}"
    pushed_at="2019-08-28T08:56:06Z"
    releases_url="https://api.github.com/repos/0wczar/airframe-react/releases{/id}"
    score={1}
    size={4318}
    ssh_url="git@github.com:0wczar/airframe-react.git"
    stargazers_count={1687}
    stargazers_url="https://api.github.com/repos/0wczar/airframe-react/stargazers"
    statuses_url="https://api.github.com/repos/0wczar/airframe-react/statuses/{sha}"
    subscribers_url="https://api.github.com/repos/0wczar/airframe-react/subscribers"
    subscription_url="https://api.github.com/repos/0wczar/airframe-react/subscription"
    svn_url="https://github.com/0wczar/airframe-react"
    tags_url="https://api.github.com/repos/0wczar/airframe-react/tags"
    teams_url="https://api.github.com/repos/0wczar/airframe-react/teams"
    trees_url="https://api.github.com/repos/0wczar/airframe-react/git/trees{/sha}"
    updated_at="2019-09-11T19:09:39Z"
    url="https://api.github.com/repos/0wczar/airframe-react"
    watchers={1687}
    watchers_count={1687}
  />
  <RepositoryCard
    archive_url="https://api.github.com/repos/chakra-ui/chakra-ui/{archive_format}{/ref}"
    archived={false}
    assignees_url="https://api.github.com/repos/chakra-ui/chakra-ui/assignees{/user}"
    blobs_url="https://api.github.com/repos/chakra-ui/chakra-ui/git/blobs{/sha}"
    branches_url="https://api.github.com/repos/chakra-ui/chakra-ui/branches{/branch}"
    clone_url="https://github.com/chakra-ui/chakra-ui.git"
    collaborators_url="https://api.github.com/repos/chakra-ui/chakra-ui/collaborators{/collaborator}"
    comments_url="https://api.github.com/repos/chakra-ui/chakra-ui/comments{/number}"
    commits_url="https://api.github.com/repos/chakra-ui/chakra-ui/commits{/sha}"
    compare_url="https://api.github.com/repos/chakra-ui/chakra-ui/compare/{base}...{head}"
    contents_url="https://api.github.com/repos/chakra-ui/chakra-ui/contents/{+path}"
    contributors_url="https://api.github.com/repos/chakra-ui/chakra-ui/contributors"
    created_at="2019-08-17T14:27:54Z"
    default_branch="master"
    deployments_url="https://api.github.com/repos/chakra-ui/chakra-ui/deployments"
    description="⚡️Simple, Modular & Accessible UI Components for your React Applications"
    disabled={false}
    downloads_url="https://api.github.com/repos/chakra-ui/chakra-ui/downloads"
    events_url="https://api.github.com/repos/chakra-ui/chakra-ui/events"
    fork={false}
    forks={66}
    forks_count={66}
    forks_url="https://api.github.com/repos/chakra-ui/chakra-ui/forks"
    full_name="chakra-ui/chakra-ui"
    git_commits_url="https://api.github.com/repos/chakra-ui/chakra-ui/git/commits{/sha}"
    git_refs_url="https://api.github.com/repos/chakra-ui/chakra-ui/git/refs{/sha}"
    git_tags_url="https://api.github.com/repos/chakra-ui/chakra-ui/git/tags{/sha}"
    git_url="git://github.com/chakra-ui/chakra-ui.git"
    has_downloads={true}
    has_issues={true}
    has_pages={false}
    has_projects={true}
    has_wiki={true}
    homepage="https://chakra-ui.com"
    hooks_url="https://api.github.com/repos/chakra-ui/chakra-ui/hooks"
    html_url="https://github.com/chakra-ui/chakra-ui"
    id={202890778}
    issue_comment_url="https://api.github.com/repos/chakra-ui/chakra-ui/issues/comments{/number}"
    issue_events_url="https://api.github.com/repos/chakra-ui/chakra-ui/issues/events{/number}"
    issues_url="https://api.github.com/repos/chakra-ui/chakra-ui/issues{/number}"
    key="202890778"
    keys_url="https://api.github.com/repos/chakra-ui/chakra-ui/keys{/key_id}"
    labels_url="https://api.github.com/repos/chakra-ui/chakra-ui/labels{/name}"
    language="JavaScript"
    languages_url="https://api.github.com/repos/chakra-ui/chakra-ui/languages"
    license={
      Object {
        "key": "mit",
        "name": "MIT License",
        "node_id": "MDc6TGljZW5zZTEz",
        "spdx_id": "MIT",
        "url": "https://api.github.com/licenses/mit",
      }
    }
    merges_url="https://api.github.com/repos/chakra-ui/chakra-ui/merges"
    milestones_url="https://api.github.com/repos/chakra-ui/chakra-ui/milestones{/number}"
    mirror_url={null}
    name="chakra-ui"
    node_id="MDEwOlJlcG9zaXRvcnkyMDI4OTA3Nzg="
    notifications_url="https://api.github.com/repos/chakra-ui/chakra-ui/notifications{?since,all,participating}"
    open_issues={24}
    open_issues_count={24}
    owner={
      Object {
        "avatar_url": "https://avatars0.githubusercontent.com/u/54212428?v=4",
        "events_url": "https://api.github.com/users/chakra-ui/events{/privacy}",
        "followers_url": "https://api.github.com/users/chakra-ui/followers",
        "following_url": "https://api.github.com/users/chakra-ui/following{/other_user}",
        "gists_url": "https://api.github.com/users/chakra-ui/gists{/gist_id}",
        "gravatar_id": "",
        "html_url": "https://github.com/chakra-ui",
        "id": 54212428,
        "login": "chakra-ui",
        "node_id": "MDEyOk9yZ2FuaXphdGlvbjU0MjEyNDI4",
        "organizations_url": "https://api.github.com/users/chakra-ui/orgs",
        "received_events_url": "https://api.github.com/users/chakra-ui/received_events",
        "repos_url": "https://api.github.com/users/chakra-ui/repos",
        "site_admin": false,
        "starred_url": "https://api.github.com/users/chakra-ui/starred{/owner}{/repo}",
        "subscriptions_url": "https://api.github.com/users/chakra-ui/subscriptions",
        "type": "Organization",
        "url": "https://api.github.com/users/chakra-ui",
      }
    }
    private={false}
    pulls_url="https://api.github.com/repos/chakra-ui/chakra-ui/pulls{/number}"
    pushed_at="2019-09-11T13:41:32Z"
    releases_url="https://api.github.com/repos/chakra-ui/chakra-ui/releases{/id}"
    score={1}
    size={3026}
    ssh_url="git@github.com:chakra-ui/chakra-ui.git"
    stargazers_count={1661}
    stargazers_url="https://api.github.com/repos/chakra-ui/chakra-ui/stargazers"
    statuses_url="https://api.github.com/repos/chakra-ui/chakra-ui/statuses/{sha}"
    subscribers_url="https://api.github.com/repos/chakra-ui/chakra-ui/subscribers"
    subscription_url="https://api.github.com/repos/chakra-ui/chakra-ui/subscription"
    svn_url="https://github.com/chakra-ui/chakra-ui"
    tags_url="https://api.github.com/repos/chakra-ui/chakra-ui/tags"
    teams_url="https://api.github.com/repos/chakra-ui/chakra-ui/teams"
    trees_url="https://api.github.com/repos/chakra-ui/chakra-ui/git/trees{/sha}"
    updated_at="2019-09-11T20:21:21Z"
    url="https://api.github.com/repos/chakra-ui/chakra-ui"
    watchers={1661}
    watchers_count={1661}
  />
  <RepositoryCard
    archive_url="https://api.github.com/repos/google/differential-privacy/{archive_format}{/ref}"
    archived={false}
    assignees_url="https://api.github.com/repos/google/differential-privacy/assignees{/user}"
    blobs_url="https://api.github.com/repos/google/differential-privacy/git/blobs{/sha}"
    branches_url="https://api.github.com/repos/google/differential-privacy/branches{/branch}"
    clone_url="https://github.com/google/differential-privacy.git"
    collaborators_url="https://api.github.com/repos/google/differential-privacy/collaborators{/collaborator}"
    comments_url="https://api.github.com/repos/google/differential-privacy/comments{/number}"
    commits_url="https://api.github.com/repos/google/differential-privacy/commits{/sha}"
    compare_url="https://api.github.com/repos/google/differential-privacy/compare/{base}...{head}"
    contents_url="https://api.github.com/repos/google/differential-privacy/contents/{+path}"
    contributors_url="https://api.github.com/repos/google/differential-privacy/contributors"
    created_at="2019-09-04T13:04:15Z"
    default_branch="master"
    deployments_url="https://api.github.com/repos/google/differential-privacy/deployments"
    description={null}
    disabled={false}
    downloads_url="https://api.github.com/repos/google/differential-privacy/downloads"
    events_url="https://api.github.com/repos/google/differential-privacy/events"
    fork={false}
    forks={85}
    forks_count={85}
    forks_url="https://api.github.com/repos/google/differential-privacy/forks"
    full_name="google/differential-privacy"
    git_commits_url="https://api.github.com/repos/google/differential-privacy/git/commits{/sha}"
    git_refs_url="https://api.github.com/repos/google/differential-privacy/git/refs{/sha}"
    git_tags_url="https://api.github.com/repos/google/differential-privacy/git/tags{/sha}"
    git_url="git://github.com/google/differential-privacy.git"
    has_downloads={true}
    has_issues={true}
    has_pages={false}
    has_projects={true}
    has_wiki={true}
    homepage={null}
    hooks_url="https://api.github.com/repos/google/differential-privacy/hooks"
    html_url="https://github.com/google/differential-privacy"
    id={206320938}
    issue_comment_url="https://api.github.com/repos/google/differential-privacy/issues/comments{/number}"
    issue_events_url="https://api.github.com/repos/google/differential-privacy/issues/events{/number}"
    issues_url="https://api.github.com/repos/google/differential-privacy/issues{/number}"
    key="206320938"
    keys_url="https://api.github.com/repos/google/differential-privacy/keys{/key_id}"
    labels_url="https://api.github.com/repos/google/differential-privacy/labels{/name}"
    language="C++"
    languages_url="https://api.github.com/repos/google/differential-privacy/languages"
    license={
      Object {
        "key": "apache-2.0",
        "name": "Apache License 2.0",
        "node_id": "MDc6TGljZW5zZTI=",
        "spdx_id": "Apache-2.0",
        "url": "https://api.github.com/licenses/apache-2.0",
      }
    }
    merges_url="https://api.github.com/repos/google/differential-privacy/merges"
    milestones_url="https://api.github.com/repos/google/differential-privacy/milestones{/number}"
    mirror_url={null}
    name="differential-privacy"
    node_id="MDEwOlJlcG9zaXRvcnkyMDYzMjA5Mzg="
    notifications_url="https://api.github.com/repos/google/differential-privacy/notifications{?since,all,participating}"
    open_issues={2}
    open_issues_count={2}
    owner={
      Object {
        "avatar_url": "https://avatars1.githubusercontent.com/u/1342004?v=4",
        "events_url": "https://api.github.com/users/google/events{/privacy}",
        "followers_url": "https://api.github.com/users/google/followers",
        "following_url": "https://api.github.com/users/google/following{/other_user}",
        "gists_url": "https://api.github.com/users/google/gists{/gist_id}",
        "gravatar_id": "",
        "html_url": "https://github.com/google",
        "id": 1342004,
        "login": "google",
        "node_id": "MDEyOk9yZ2FuaXphdGlvbjEzNDIwMDQ=",
        "organizations_url": "https://api.github.com/users/google/orgs",
        "received_events_url": "https://api.github.com/users/google/received_events",
        "repos_url": "https://api.github.com/users/google/repos",
        "site_admin": false,
        "starred_url": "https://api.github.com/users/google/starred{/owner}{/repo}",
        "subscriptions_url": "https://api.github.com/users/google/subscriptions",
        "type": "Organization",
        "url": "https://api.github.com/users/google",
      }
    }
    private={false}
    pulls_url="https://api.github.com/repos/google/differential-privacy/pulls{/number}"
    pushed_at="2019-09-10T15:37:05Z"
    releases_url="https://api.github.com/repos/google/differential-privacy/releases{/id}"
    score={1}
    size={169}
    ssh_url="git@github.com:google/differential-privacy.git"
    stargazers_count={1061}
    stargazers_url="https://api.github.com/repos/google/differential-privacy/stargazers"
    statuses_url="https://api.github.com/repos/google/differential-privacy/statuses/{sha}"
    subscribers_url="https://api.github.com/repos/google/differential-privacy/subscribers"
    subscription_url="https://api.github.com/repos/google/differential-privacy/subscription"
    svn_url="https://github.com/google/differential-privacy"
    tags_url="https://api.github.com/repos/google/differential-privacy/tags"
    teams_url="https://api.github.com/repos/google/differential-privacy/teams"
    trees_url="https://api.github.com/repos/google/differential-privacy/git/trees{/sha}"
    updated_at="2019-09-11T18:26:12Z"
    url="https://api.github.com/repos/google/differential-privacy"
    watchers={1061}
    watchers_count={1061}
  />
  <RepositoryCard
    archive_url="https://api.github.com/repos/seetafaceengine/SeetaFace2/{archive_format}{/ref}"
    archived={false}
    assignees_url="https://api.github.com/repos/seetafaceengine/SeetaFace2/assignees{/user}"
    blobs_url="https://api.github.com/repos/seetafaceengine/SeetaFace2/git/blobs{/sha}"
    branches_url="https://api.github.com/repos/seetafaceengine/SeetaFace2/branches{/branch}"
    clone_url="https://github.com/seetafaceengine/SeetaFace2.git"
    collaborators_url="https://api.github.com/repos/seetafaceengine/SeetaFace2/collaborators{/collaborator}"
    comments_url="https://api.github.com/repos/seetafaceengine/SeetaFace2/comments{/number}"
    commits_url="https://api.github.com/repos/seetafaceengine/SeetaFace2/commits{/sha}"
    compare_url="https://api.github.com/repos/seetafaceengine/SeetaFace2/compare/{base}...{head}"
    contents_url="https://api.github.com/repos/seetafaceengine/SeetaFace2/contents/{+path}"
    contributors_url="https://api.github.com/repos/seetafaceengine/SeetaFace2/contributors"
    created_at="2019-08-17T03:32:02Z"
    default_branch="master"
    deployments_url="https://api.github.com/repos/seetafaceengine/SeetaFace2/deployments"
    description="SeetaFace 2: open source, full stack face recognization toolkit."
    disabled={false}
    downloads_url="https://api.github.com/repos/seetafaceengine/SeetaFace2/downloads"
    events_url="https://api.github.com/repos/seetafaceengine/SeetaFace2/events"
    fork={false}
    forks={322}
    forks_count={322}
    forks_url="https://api.github.com/repos/seetafaceengine/SeetaFace2/forks"
    full_name="seetafaceengine/SeetaFace2"
    git_commits_url="https://api.github.com/repos/seetafaceengine/SeetaFace2/git/commits{/sha}"
    git_refs_url="https://api.github.com/repos/seetafaceengine/SeetaFace2/git/refs{/sha}"
    git_tags_url="https://api.github.com/repos/seetafaceengine/SeetaFace2/git/tags{/sha}"
    git_url="git://github.com/seetafaceengine/SeetaFace2.git"
    has_downloads={true}
    has_issues={true}
    has_pages={false}
    has_projects={true}
    has_wiki={true}
    homepage="http://www.seetatech.com/"
    hooks_url="https://api.github.com/repos/seetafaceengine/SeetaFace2/hooks"
    html_url="https://github.com/seetafaceengine/SeetaFace2"
    id={202830615}
    issue_comment_url="https://api.github.com/repos/seetafaceengine/SeetaFace2/issues/comments{/number}"
    issue_events_url="https://api.github.com/repos/seetafaceengine/SeetaFace2/issues/events{/number}"
    issues_url="https://api.github.com/repos/seetafaceengine/SeetaFace2/issues{/number}"
    key="202830615"
    keys_url="https://api.github.com/repos/seetafaceengine/SeetaFace2/keys{/key_id}"
    labels_url="https://api.github.com/repos/seetafaceengine/SeetaFace2/labels{/name}"
    language="C++"
    languages_url="https://api.github.com/repos/seetafaceengine/SeetaFace2/languages"
    license={
      Object {
        "key": "other",
        "name": "Other",
        "node_id": "MDc6TGljZW5zZTA=",
        "spdx_id": "NOASSERTION",
        "url": null,
      }
    }
    merges_url="https://api.github.com/repos/seetafaceengine/SeetaFace2/merges"
    milestones_url="https://api.github.com/repos/seetafaceengine/SeetaFace2/milestones{/number}"
    mirror_url={null}
    name="SeetaFace2"
    node_id="MDEwOlJlcG9zaXRvcnkyMDI4MzA2MTU="
    notifications_url="https://api.github.com/repos/seetafaceengine/SeetaFace2/notifications{?since,all,participating}"
    open_issues={14}
    open_issues_count={14}
    owner={
      Object {
        "avatar_url": "https://avatars0.githubusercontent.com/u/53942815?v=4",
        "events_url": "https://api.github.com/users/seetafaceengine/events{/privacy}",
        "followers_url": "https://api.github.com/users/seetafaceengine/followers",
        "following_url": "https://api.github.com/users/seetafaceengine/following{/other_user}",
        "gists_url": "https://api.github.com/users/seetafaceengine/gists{/gist_id}",
        "gravatar_id": "",
        "html_url": "https://github.com/seetafaceengine",
        "id": 53942815,
        "login": "seetafaceengine",
        "node_id": "MDQ6VXNlcjUzOTQyODE1",
        "organizations_url": "https://api.github.com/users/seetafaceengine/orgs",
        "received_events_url": "https://api.github.com/users/seetafaceengine/received_events",
        "repos_url": "https://api.github.com/users/seetafaceengine/repos",
        "site_admin": false,
        "starred_url": "https://api.github.com/users/seetafaceengine/starred{/owner}{/repo}",
        "subscriptions_url": "https://api.github.com/users/seetafaceengine/subscriptions",
        "type": "User",
        "url": "https://api.github.com/users/seetafaceengine",
      }
    }
    private={false}
    pulls_url="https://api.github.com/repos/seetafaceengine/SeetaFace2/pulls{/number}"
    pushed_at="2019-08-26T06:04:55Z"
    releases_url="https://api.github.com/repos/seetafaceengine/SeetaFace2/releases{/id}"
    score={1}
    size={1792}
    ssh_url="git@github.com:seetafaceengine/SeetaFace2.git"
    stargazers_count={1052}
    stargazers_url="https://api.github.com/repos/seetafaceengine/SeetaFace2/stargazers"
    statuses_url="https://api.github.com/repos/seetafaceengine/SeetaFace2/statuses/{sha}"
    subscribers_url="https://api.github.com/repos/seetafaceengine/SeetaFace2/subscribers"
    subscription_url="https://api.github.com/repos/seetafaceengine/SeetaFace2/subscription"
    svn_url="https://github.com/seetafaceengine/SeetaFace2"
    tags_url="https://api.github.com/repos/seetafaceengine/SeetaFace2/tags"
    teams_url="https://api.github.com/repos/seetafaceengine/SeetaFace2/teams"
    trees_url="https://api.github.com/repos/seetafaceengine/SeetaFace2/git/trees{/sha}"
    updated_at="2019-09-11T16:53:54Z"
    url="https://api.github.com/repos/seetafaceengine/SeetaFace2"
    watchers={1052}
    watchers_count={1052}
  />
</ul>
`;
